// Jest Snapshot v1, https://goo.gl/fbAQLP

exports[`<CreateGuide/> renders and matches snapshot 1`] = `
<div>
  <h2>
    Sign In
  </h2>
  <form
    class="FormStyles__Form-sc-sf5fob-0 KLHJ"
    method="POST"
  >
    <fieldset
      aria-busy="false"
    >
      <div>
        <label
          for="email"
        >
          Email Address
        </label>
        <input
          id="email"
          name="email"
          placeholder="Enter Your Email"
          type="email"
          value=""
        />
      </div>
      <div>
        <label
          for="password"
        >
          Password
        </label>
        <input
          id="password"
          name="password"
          placeholder="Enter Your password"
          type="password"
          value=""
        />
      </div>
      <div>
        <button
          type="submit"
        >
          Sign In
        </button>
      </div>
      <div>
        <p>
          <a
            href="/signup"
          >
            Sign Up
          </a>
        </p>
        <p>
          <a
            href="/requestreset"
          >
            Reset Password
          </a>
        </p>
      </div>
    </fieldset>
  </form>
</div>
`;
